
> backend@1.0.0 test:coverage
> jest --coverage

PASS src/index.test.ts
  Backend API
    ✓ should return UP on health check (40 ms)
    ✓ should return 200 on root access (7 ms)

----------|---------|----------|---------|---------|-------------------
File      | % Stmts | % Branch | % Funcs | % Lines | Uncovered Line #s 
----------|---------|----------|---------|---------|-------------------
All files |     100 |      100 |     100 |     100 |                   
 index.ts |     100 |      100 |     100 |     100 |                   
----------|---------|----------|---------|---------|-------------------
Test Suites: 1 passed, 1 total
Tests:       2 passed, 2 total
Snapshots:   0 total
Time:        3.592 s, estimated 4 s
Ran all test suites.
